147
357
47
767
977
1267
99
248
155
116
183
295
252
513
153
1048
992
202
398
520
834
197
100
0
406
570
446
782
32
671
514
824
615
1296
253
617
557
669
0
775
569
1257
1041
108
1129
95
64
183
135
129
100
199
865
0
54
1347
0
1193
399
1350
671
975
610
300
205
26
590
15
133
481
955
99
490
149
196
1385
312
39
1391
437
34
853
945
88
272
820
551
66
99
1387
361
984
316
264
375
1100
620
113
562
189
