954
0
0
441
664
403
97
858
853
1014
501
5
303
1090
733
282
1032
918
1013
282
406
1044
749
290
54
211
1320
257
1071
1037
1008
1460
86
1000
139
830
795
602
1085
600
123
0
30
378
867
1066
308
664
174
657
242
103
0
715
279
684
859
1397
542
1012
1132
1166
897
1051
1007
131
401
818
974
1007
965
552
387
449
0
505
971
270
613
488
375
73
227
378
1322
625
778
195
633
65
162
924
958
38
590
965
527
671
610
32
