21695603180
10808524868
15381754349
2474639176
778417986
19047661271
153813613
32838270
100222249
203570
118500
709556
109556
0
94926
58681
