347
382
167
194
262
458
466
9
257
9
285
67
58
354
174
34
70
278
251
224
329
0
18
357
59
544
305
245
238
37
267
118
198
206
397
501
27
271
362
299
60
12
174
0
10
255
250
453
0
451
84
29
102
276
9
126
36
147
433
399
184
497
319
24
101
56
346
469
190
28
78
183
96
154
463
376
151
308
269
89
246
34
245
478
417
20
103
212
134
297
68
295
48
93
243
455
173
112
179
97
