16
147
28
0
30
449
93
241
34
309
179
54
168
140
247
284
414
235
49
167
463
121
250
299
45
172
34
81
224
77
266
81
196
0
409
252
272
34
432
426
142
380
116
74
10
447
182
339
243
428
390
216
68
241
53
28
55
341
230
338
177
279
211
292
285
106
375
10
20
149
245
341
0
218
13
350
267
131
170
118
290
114
245
496
137
379
8
67
217
8
480
209
46
26
55
243
472
27
254
72
