74538301120
332733758
4502248332
60434174
24306639
9648311
2639860
2122213
596692
