30839635755
26570108926
6275695867
3499409260
2425691627
1888052128
121514532
14300924
3004855
63820
