0
2
6
13
25
45
78
132
220
363
595
971
1580
2566
4162
6745
10925
17689
28634
46344
