0
2
7
17
36
70
129
229
396
672
1125
1865
3070
5028
8205
13355
21698
35208
57079
92479
