4998457700
4998457700
4998457700
4998457698
4998457699
4998457699
4998457700
4998457699
4998457699
4998457697
4998457699
4998457699
4998457699
4998457698
